2025-05-16 17:18:49.219 [info] [main] Log level: Info
2025-05-16 17:18:49.219 [info] [main] Validating found git in: "git"
2025-05-16 17:18:49.219 [info] [main] Using git "2.34.1" from "git"
2025-05-16 17:18:49.219 [info] [Model][doInitialScan] Initial repository scan started
2025-05-16 17:18:49.219 [info] > git rev-parse --show-toplevel [5ms]
2025-05-16 17:18:49.219 [info] > git rev-parse --git-dir --git-common-dir [365ms]
2025-05-16 17:18:49.219 [info] [Model][openRepository] Opened repository (path): /home/etaico
2025-05-16 17:18:49.219 [info] [Model][openRepository] Opened repository (real path): /home/etaico
2025-05-16 17:18:49.219 [info] > git rev-parse --show-toplevel [15ms]
2025-05-16 17:18:49.219 [info] > git config --get commit.template [19ms]
2025-05-16 17:18:49.238 [info] > git rev-parse --show-toplevel [13ms]
2025-05-16 17:18:49.866 [info] > git rev-parse --show-toplevel [587ms]
2025-05-16 17:18:49.869 [info] [Model][doInitialScan] Initial repository scan completed - repositories (1), closed repositories (0), parent repositories (0), unsafe repositories (0)
2025-05-16 17:18:49.870 [info] > git for-each-ref --format=%(refname)%00%(upstream:short)%00%(objectname)%00%(upstream:track)%00%(upstream:remotename)%00%(upstream:remoteref) refs/heads/main refs/remotes/main [639ms]
2025-05-16 17:18:50.248 [info] > git check-ignore -v -z --stdin [372ms]
2025-05-16 17:18:50.249 [info] > git show --textconv :part1_EL.y [12ms]
2025-05-16 17:18:50.249 [info] > git status -z -uall [365ms]
2025-05-16 17:18:50.250 [info] > git for-each-ref --sort -committerdate --format %(refname)%00%(objectname)%00%(*objectname) [361ms]
2025-05-16 17:18:50.258 [info] > git ls-files --stage -- part1_EL.y [16ms]
2025-05-16 17:18:50.940 [info] > git for-each-ref --format=%(refname)%00%(upstream:short)%00%(objectname)%00%(upstream:track)%00%(upstream:remotename)%00%(upstream:remoteref) refs/heads/main refs/remotes/main [545ms]
2025-05-16 17:18:50.945 [info] > git cat-file -s 39190a5d27ee93c9772ba1baed48b44f85e0bb9e [682ms]
2025-05-16 17:18:50.980 [info] > git config --get --local branch.main.vscode-merge-base [35ms]
2025-05-16 17:18:50.985 [info] > git config --get commit.template [56ms]
2025-05-16 17:18:50.996 [info] > git for-each-ref --format=%(refname)%00%(upstream:short)%00%(objectname)%00%(upstream:track)%00%(upstream:remotename)%00%(upstream:remoteref) refs/heads/origin/main refs/remotes/origin/main [11ms]
2025-05-16 17:18:51.015 [info] > git for-each-ref --format=%(refname)%00%(upstream:short)%00%(objectname)%00%(upstream:track)%00%(upstream:remotename)%00%(upstream:remoteref) refs/heads/main refs/remotes/main [19ms]
2025-05-16 17:18:51.015 [info] > git merge-base refs/heads/main refs/remotes/origin/main [14ms]
2025-05-16 17:18:51.036 [info] > git diff --name-status -z --diff-filter=ADMR 6181e1278b76b071810effe056ec64e6bbc8b289...refs/remotes/origin/main [16ms]
2025-05-16 17:18:51.056 [info] > git for-each-ref --sort -committerdate --format %(refname)%00%(objectname)%00%(*objectname) [23ms]
2025-05-16 17:18:51.216 [info] > git status -z -uall [189ms]
2025-05-16 17:18:51.855 [info] > git config --get commit.template [75ms]
2025-05-16 17:18:52.143 [info] > git for-each-ref --format=%(refname)%00%(upstream:short)%00%(objectname)%00%(upstream:track)%00%(upstream:remotename)%00%(upstream:remoteref) refs/heads/main refs/remotes/main [248ms]
2025-05-16 17:18:52.143 [info] > git blame --root --incremental 6181e1278b76b071810effe056ec64e6bbc8b289 -- part1_EL.y [254ms]
2025-05-16 17:18:52.357 [info] > git status -z -uall [190ms]
2025-05-16 17:18:52.358 [info] > git for-each-ref --sort -committerdate --format %(refname)%00%(objectname)%00%(*objectname) [184ms]
2025-05-16 17:18:59.360 [info] > git config --get commit.template [1ms]
2025-05-16 17:18:59.365 [info] > git for-each-ref --format=%(refname)%00%(upstream:short)%00%(objectname)%00%(upstream:track)%00%(upstream:remotename)%00%(upstream:remoteref) refs/heads/main refs/remotes/main [1ms]
2025-05-16 17:18:59.377 [info] > git for-each-ref --sort -committerdate --format %(refname)%00%(objectname)%00%(*objectname) [2ms]
2025-05-16 17:18:59.391 [info] > git status -z -uall [21ms]
2025-05-16 17:18:59.478 [info] > git merge-base refs/heads/main refs/remotes/origin/main [3ms]
2025-05-16 17:18:59.486 [info] > git diff --name-status -z --diff-filter=ADMR 6181e1278b76b071810effe056ec64e6bbc8b289...refs/remotes/origin/main [3ms]
2025-05-16 17:19:01.069 [info] > git ls-files --stage -- part1_EL.y [2ms]
2025-05-16 17:19:01.075 [info] > git cat-file -s 39190a5d27ee93c9772ba1baed48b44f85e0bb9e [2ms]
2025-05-16 17:19:01.086 [info] > git show --textconv :part1_EL.y [3ms]
2025-05-16 17:19:01.395 [info] > git config --get commit.template [16ms]
2025-05-16 17:19:01.397 [info] > git for-each-ref --format=%(refname)%00%(upstream:short)%00%(objectname)%00%(upstream:track)%00%(upstream:remotename)%00%(upstream:remoteref) refs/heads/main refs/remotes/main [4ms]
2025-05-16 17:19:01.420 [info] > git for-each-ref --sort -committerdate --format %(refname)%00%(objectname)%00%(*objectname) [7ms]
2025-05-16 17:19:01.431 [info] > git status -z -uall [24ms]
2025-05-16 17:19:03.896 [info] > git config --get commit.template [7ms]
2025-05-16 17:19:03.897 [info] > git for-each-ref --format=%(refname)%00%(upstream:short)%00%(objectname)%00%(upstream:track)%00%(upstream:remotename)%00%(upstream:remoteref) refs/heads/main refs/remotes/main [2ms]
2025-05-16 17:19:03.915 [info] > git for-each-ref --sort -committerdate --format %(refname)%00%(objectname)%00%(*objectname) [6ms]
2025-05-16 17:19:03.926 [info] > git status -z -uall [23ms]
2025-05-16 17:19:04.018 [info] > git merge-base refs/heads/main refs/remotes/origin/main [3ms]
2025-05-16 17:19:04.023 [info] > git blame --root --incremental 78add7191df750e7d74d2b3e1ecbebc0595b35d4 -- part1_EL.y [13ms]
2025-05-16 17:19:04.027 [info] > git diff --name-status -z --diff-filter=ADMR 78add7191df750e7d74d2b3e1ecbebc0595b35d4...refs/remotes/origin/main [5ms]
2025-05-16 17:19:05.042 [info] > git check-ignore -v -z --stdin [2ms]
2025-05-16 17:19:05.579 [info] > git ls-files --stage -- part1_EL.y [2ms]
2025-05-16 17:19:05.585 [info] > git cat-file -s b2b138e7a6cdc26e9a7fa094ab95e276cef56714 [1ms]
2025-05-16 17:19:05.598 [info] > git show --textconv :part1_EL.y [2ms]
2025-05-16 17:19:06.519 [info] > git config --get commit.template [5ms]
2025-05-16 17:19:06.520 [info] > git for-each-ref --format=%(refname)%00%(upstream:short)%00%(objectname)%00%(upstream:track)%00%(upstream:remotename)%00%(upstream:remoteref) refs/heads/main refs/remotes/main [2ms]
2025-05-16 17:19:06.533 [info] > git for-each-ref --sort -committerdate --format %(refname)%00%(objectname)%00%(*objectname) [2ms]
2025-05-16 17:19:06.550 [info] > git status -z -uall [24ms]
2025-05-16 17:19:11.662 [info] > git config --get commit.template [13ms]
2025-05-16 17:19:11.665 [info] > git for-each-ref --format=%(refname)%00%(upstream:short)%00%(objectname)%00%(upstream:track)%00%(upstream:remotename)%00%(upstream:remoteref) refs/heads/main refs/remotes/main [4ms]
2025-05-16 17:19:11.694 [info] > git for-each-ref --sort -committerdate --format %(refname)%00%(objectname)%00%(*objectname) [5ms]
2025-05-16 17:19:11.722 [info] > git status -z -uall [44ms]
2025-05-16 17:19:16.797 [info] > git config --get commit.template [3ms]
2025-05-16 17:19:16.803 [info] > git for-each-ref --format=%(refname)%00%(upstream:short)%00%(objectname)%00%(upstream:track)%00%(upstream:remotename)%00%(upstream:remoteref) refs/heads/main refs/remotes/main [2ms]
2025-05-16 17:19:16.812 [info] > git for-each-ref --sort -committerdate --format %(refname)%00%(objectname)%00%(*objectname) [1ms]
2025-05-16 17:19:16.825 [info] > git status -z -uall [18ms]
2025-05-16 17:19:21.923 [info] > git config --get commit.template [1ms]
2025-05-16 17:19:21.929 [info] > git for-each-ref --format=%(refname)%00%(upstream:short)%00%(objectname)%00%(upstream:track)%00%(upstream:remotename)%00%(upstream:remoteref) refs/heads/main refs/remotes/main [2ms]
2025-05-16 17:19:21.941 [info] > git for-each-ref --sort -committerdate --format %(refname)%00%(objectname)%00%(*objectname) [2ms]
2025-05-16 17:19:21.955 [info] > git status -z -uall [21ms]
2025-05-16 17:19:27.040 [info] > git config --get commit.template [5ms]
2025-05-16 17:19:27.041 [info] > git for-each-ref --format=%(refname)%00%(upstream:short)%00%(objectname)%00%(upstream:track)%00%(upstream:remotename)%00%(upstream:remoteref) refs/heads/main refs/remotes/main [2ms]
2025-05-16 17:19:27.053 [info] > git for-each-ref --sort -committerdate --format %(refname)%00%(objectname)%00%(*objectname) [2ms]
2025-05-16 17:19:27.072 [info] > git status -z -uall [26ms]
2025-05-16 17:19:32.184 [info] > git config --get commit.template [16ms]
2025-05-16 17:19:32.186 [info] > git for-each-ref --format=%(refname)%00%(upstream:short)%00%(objectname)%00%(upstream:track)%00%(upstream:remotename)%00%(upstream:remoteref) refs/heads/main refs/remotes/main [5ms]
2025-05-16 17:19:32.208 [info] > git for-each-ref --sort -committerdate --format %(refname)%00%(objectname)%00%(*objectname) [2ms]
2025-05-16 17:19:32.227 [info] > git status -z -uall [28ms]
2025-05-16 17:19:37.310 [info] > git config --get commit.template [5ms]
2025-05-16 17:19:37.311 [info] > git for-each-ref --format=%(refname)%00%(upstream:short)%00%(objectname)%00%(upstream:track)%00%(upstream:remotename)%00%(upstream:remoteref) refs/heads/main refs/remotes/main [1ms]
2025-05-16 17:19:37.322 [info] > git for-each-ref --sort -committerdate --format %(refname)%00%(objectname)%00%(*objectname) [2ms]
2025-05-16 17:19:37.340 [info] > git status -z -uall [24ms]
2025-05-16 17:19:41.873 [info] > git config --get commit.template [8ms]
2025-05-16 17:19:41.873 [info] > git for-each-ref --format=%(refname)%00%(upstream:short)%00%(objectname)%00%(upstream:track)%00%(upstream:remotename)%00%(upstream:remoteref) refs/heads/main refs/remotes/main [1ms]
2025-05-16 17:19:41.885 [info] > git for-each-ref --sort -committerdate --format %(refname)%00%(objectname)%00%(*objectname) [1ms]
2025-05-16 17:19:41.899 [info] > git status -z -uall [21ms]
2025-05-16 17:19:46.990 [info] > git config --get commit.template [5ms]
2025-05-16 17:19:46.991 [info] > git for-each-ref --format=%(refname)%00%(upstream:short)%00%(objectname)%00%(upstream:track)%00%(upstream:remotename)%00%(upstream:remoteref) refs/heads/main refs/remotes/main [1ms]
2025-05-16 17:19:47.002 [info] > git for-each-ref --sort -committerdate --format %(refname)%00%(objectname)%00%(*objectname) [1ms]
2025-05-16 17:19:47.017 [info] > git status -z -uall [21ms]
2025-05-16 17:19:52.108 [info] > git config --get commit.template [7ms]
2025-05-16 17:19:52.109 [info] > git for-each-ref --format=%(refname)%00%(upstream:short)%00%(objectname)%00%(upstream:track)%00%(upstream:remotename)%00%(upstream:remoteref) refs/heads/main refs/remotes/main [2ms]
2025-05-16 17:19:52.120 [info] > git for-each-ref --sort -committerdate --format %(refname)%00%(objectname)%00%(*objectname) [2ms]
2025-05-16 17:19:52.133 [info] > git status -z -uall [19ms]
2025-05-16 17:19:57.211 [info] > git config --get commit.template [1ms]
2025-05-16 17:19:57.217 [info] > git for-each-ref --format=%(refname)%00%(upstream:short)%00%(objectname)%00%(upstream:track)%00%(upstream:remotename)%00%(upstream:remoteref) refs/heads/main refs/remotes/main [2ms]
2025-05-16 17:19:57.228 [info] > git for-each-ref --sort -committerdate --format %(refname)%00%(objectname)%00%(*objectname) [2ms]
2025-05-16 17:19:57.241 [info] > git status -z -uall [19ms]
2025-05-16 17:20:02.324 [info] > git config --get commit.template [6ms]
2025-05-16 17:20:02.325 [info] > git for-each-ref --format=%(refname)%00%(upstream:short)%00%(objectname)%00%(upstream:track)%00%(upstream:remotename)%00%(upstream:remoteref) refs/heads/main refs/remotes/main [1ms]
2025-05-16 17:20:02.336 [info] > git for-each-ref --sort -committerdate --format %(refname)%00%(objectname)%00%(*objectname) [2ms]
2025-05-16 17:20:02.348 [info] > git status -z -uall [19ms]
2025-05-16 17:20:07.449 [info] > git config --get commit.template [13ms]
2025-05-16 17:20:07.450 [info] > git for-each-ref --format=%(refname)%00%(upstream:short)%00%(objectname)%00%(upstream:track)%00%(upstream:remotename)%00%(upstream:remoteref) refs/heads/main refs/remotes/main [3ms]
2025-05-16 17:20:07.467 [info] > git for-each-ref --sort -committerdate --format %(refname)%00%(objectname)%00%(*objectname) [2ms]
2025-05-16 17:20:07.480 [info] > git status -z -uall [22ms]
2025-05-16 17:20:11.941 [info] > git config --get commit.template [9ms]
2025-05-16 17:20:11.942 [info] > git for-each-ref --format=%(refname)%00%(upstream:short)%00%(objectname)%00%(upstream:track)%00%(upstream:remotename)%00%(upstream:remoteref) refs/heads/main refs/remotes/main [2ms]
2025-05-16 17:20:11.955 [info] > git for-each-ref --sort -committerdate --format %(refname)%00%(objectname)%00%(*objectname) [2ms]
2025-05-16 17:20:11.970 [info] > git status -z -uall [21ms]
2025-05-16 17:20:17.076 [info] > git config --get commit.template [16ms]
2025-05-16 17:20:17.078 [info] > git for-each-ref --format=%(refname)%00%(upstream:short)%00%(objectname)%00%(upstream:track)%00%(upstream:remotename)%00%(upstream:remoteref) refs/heads/main refs/remotes/main [3ms]
2025-05-16 17:20:17.095 [info] > git for-each-ref --sort -committerdate --format %(refname)%00%(objectname)%00%(*objectname) [2ms]
2025-05-16 17:20:17.109 [info] > git status -z -uall [22ms]
2025-05-16 17:20:22.188 [info] > git config --get commit.template [5ms]
2025-05-16 17:20:22.189 [info] > git for-each-ref --format=%(refname)%00%(upstream:short)%00%(objectname)%00%(upstream:track)%00%(upstream:remotename)%00%(upstream:remoteref) refs/heads/main refs/remotes/main [1ms]
2025-05-16 17:20:22.198 [info] > git for-each-ref --sort -committerdate --format %(refname)%00%(objectname)%00%(*objectname) [1ms]
2025-05-16 17:20:22.211 [info] > git status -z -uall [18ms]
2025-05-16 17:20:27.308 [info] > git config --get commit.template [7ms]
2025-05-16 17:20:27.308 [info] > git for-each-ref --format=%(refname)%00%(upstream:short)%00%(objectname)%00%(upstream:track)%00%(upstream:remotename)%00%(upstream:remoteref) refs/heads/main refs/remotes/main [1ms]
2025-05-16 17:20:27.321 [info] > git for-each-ref --sort -committerdate --format %(refname)%00%(objectname)%00%(*objectname) [2ms]
2025-05-16 17:20:27.335 [info] > git status -z -uall [21ms]
2025-05-16 17:20:32.422 [info] > git config --get commit.template [5ms]
2025-05-16 17:20:32.423 [info] > git for-each-ref --format=%(refname)%00%(upstream:short)%00%(objectname)%00%(upstream:track)%00%(upstream:remotename)%00%(upstream:remoteref) refs/heads/main refs/remotes/main [2ms]
2025-05-16 17:20:32.435 [info] > git for-each-ref --sort -committerdate --format %(refname)%00%(objectname)%00%(*objectname) [2ms]
2025-05-16 17:20:32.451 [info] > git status -z -uall [23ms]
2025-05-16 17:20:37.557 [info] > git config --get commit.template [12ms]
2025-05-16 17:20:37.559 [info] > git for-each-ref --format=%(refname)%00%(upstream:short)%00%(objectname)%00%(upstream:track)%00%(upstream:remotename)%00%(upstream:remoteref) refs/heads/main refs/remotes/main [3ms]
2025-05-16 17:20:37.577 [info] > git for-each-ref --sort -committerdate --format %(refname)%00%(objectname)%00%(*objectname) [3ms]
2025-05-16 17:20:37.594 [info] > git status -z -uall [27ms]
2025-05-16 17:20:42.652 [info] > git config --get commit.template [6ms]
2025-05-16 17:20:42.653 [info] > git for-each-ref --format=%(refname)%00%(upstream:short)%00%(objectname)%00%(upstream:track)%00%(upstream:remotename)%00%(upstream:remoteref) refs/heads/main refs/remotes/main [2ms]
2025-05-16 17:20:42.663 [info] > git for-each-ref --sort -committerdate --format %(refname)%00%(objectname)%00%(*objectname) [1ms]
2025-05-16 17:20:42.675 [info] > git status -z -uall [18ms]
2025-05-16 17:20:47.758 [info] > git config --get commit.template [5ms]
2025-05-16 17:20:47.759 [info] > git for-each-ref --format=%(refname)%00%(upstream:short)%00%(objectname)%00%(upstream:track)%00%(upstream:remotename)%00%(upstream:remoteref) refs/heads/main refs/remotes/main [1ms]
2025-05-16 17:20:47.771 [info] > git for-each-ref --sort -committerdate --format %(refname)%00%(objectname)%00%(*objectname) [2ms]
2025-05-16 17:20:47.783 [info] > git status -z -uall [18ms]
2025-05-16 17:20:52.867 [info] > git config --get commit.template [5ms]
2025-05-16 17:20:52.868 [info] > git for-each-ref --format=%(refname)%00%(upstream:short)%00%(objectname)%00%(upstream:track)%00%(upstream:remotename)%00%(upstream:remoteref) refs/heads/main refs/remotes/main [2ms]
2025-05-16 17:20:52.878 [info] > git for-each-ref --sort -committerdate --format %(refname)%00%(objectname)%00%(*objectname) [1ms]
2025-05-16 17:20:52.894 [info] > git status -z -uall [22ms]
2025-05-16 17:20:58.005 [info] > git config --get commit.template [13ms]
2025-05-16 17:20:58.007 [info] > git for-each-ref --format=%(refname)%00%(upstream:short)%00%(objectname)%00%(upstream:track)%00%(upstream:remotename)%00%(upstream:remoteref) refs/heads/main refs/remotes/main [4ms]
2025-05-16 17:20:58.025 [info] > git for-each-ref --sort -committerdate --format %(refname)%00%(objectname)%00%(*objectname) [2ms]
2025-05-16 17:20:58.042 [info] > git status -z -uall [25ms]
2025-05-16 17:21:03.125 [info] > git config --get commit.template [4ms]
2025-05-16 17:21:03.125 [info] > git for-each-ref --format=%(refname)%00%(upstream:short)%00%(objectname)%00%(upstream:track)%00%(upstream:remotename)%00%(upstream:remoteref) refs/heads/main refs/remotes/main [1ms]
2025-05-16 17:21:03.134 [info] > git for-each-ref --sort -committerdate --format %(refname)%00%(objectname)%00%(*objectname) [2ms]
2025-05-16 17:21:03.148 [info] > git status -z -uall [19ms]
2025-05-16 17:21:08.227 [info] > git config --get commit.template [5ms]
2025-05-16 17:21:08.227 [info] > git for-each-ref --format=%(refname)%00%(upstream:short)%00%(objectname)%00%(upstream:track)%00%(upstream:remotename)%00%(upstream:remoteref) refs/heads/main refs/remotes/main [1ms]
2025-05-16 17:21:08.238 [info] > git for-each-ref --sort -committerdate --format %(refname)%00%(objectname)%00%(*objectname) [2ms]
2025-05-16 17:21:08.252 [info] > git status -z -uall [20ms]
2025-05-16 17:21:13.347 [info] > git config --get commit.template [9ms]
2025-05-16 17:21:13.348 [info] > git for-each-ref --format=%(refname)%00%(upstream:short)%00%(objectname)%00%(upstream:track)%00%(upstream:remotename)%00%(upstream:remoteref) refs/heads/main refs/remotes/main [2ms]
2025-05-16 17:21:13.360 [info] > git for-each-ref --sort -committerdate --format %(refname)%00%(objectname)%00%(*objectname) [1ms]
2025-05-16 17:21:13.373 [info] > git status -z -uall [18ms]
2025-05-16 17:21:17.838 [info] > git config --get commit.template [8ms]
2025-05-16 17:21:17.839 [info] > git for-each-ref --format=%(refname)%00%(upstream:short)%00%(objectname)%00%(upstream:track)%00%(upstream:remotename)%00%(upstream:remoteref) refs/heads/main refs/remotes/main [2ms]
2025-05-16 17:21:17.854 [info] > git for-each-ref --sort -committerdate --format %(refname)%00%(objectname)%00%(*objectname) [2ms]
2025-05-16 17:21:17.874 [info] > git status -z -uall [27ms]
2025-05-16 17:21:22.964 [info] > git config --get commit.template [4ms]
2025-05-16 17:21:22.965 [info] > git for-each-ref --format=%(refname)%00%(upstream:short)%00%(objectname)%00%(upstream:track)%00%(upstream:remotename)%00%(upstream:remoteref) refs/heads/main refs/remotes/main [1ms]
2025-05-16 17:21:22.976 [info] > git for-each-ref --sort -committerdate --format %(refname)%00%(objectname)%00%(*objectname) [2ms]
2025-05-16 17:21:22.995 [info] > git status -z -uall [26ms]
2025-05-16 17:21:28.102 [info] > git config --get commit.template [16ms]
2025-05-16 17:21:28.104 [info] > git for-each-ref --format=%(refname)%00%(upstream:short)%00%(objectname)%00%(upstream:track)%00%(upstream:remotename)%00%(upstream:remoteref) refs/heads/main refs/remotes/main [4ms]
2025-05-16 17:21:28.120 [info] > git for-each-ref --sort -committerdate --format %(refname)%00%(objectname)%00%(*objectname) [2ms]
2025-05-16 17:21:28.135 [info] > git status -z -uall [22ms]
2025-05-16 17:21:33.212 [info] > git config --get commit.template [5ms]
2025-05-16 17:21:33.212 [info] > git for-each-ref --format=%(refname)%00%(upstream:short)%00%(objectname)%00%(upstream:track)%00%(upstream:remotename)%00%(upstream:remoteref) refs/heads/main refs/remotes/main [1ms]
2025-05-16 17:21:33.220 [info] > git for-each-ref --sort -committerdate --format %(refname)%00%(objectname)%00%(*objectname) [1ms]
2025-05-16 17:21:33.234 [info] > git status -z -uall [18ms]
2025-05-16 17:21:38.338 [info] > git config --get commit.template [6ms]
2025-05-16 17:21:38.339 [info] > git for-each-ref --format=%(refname)%00%(upstream:short)%00%(objectname)%00%(upstream:track)%00%(upstream:remotename)%00%(upstream:remoteref) refs/heads/main refs/remotes/main [2ms]
2025-05-16 17:21:38.351 [info] > git for-each-ref --sort -committerdate --format %(refname)%00%(objectname)%00%(*objectname) [2ms]
2025-05-16 17:21:38.364 [info] > git status -z -uall [20ms]
2025-05-16 17:21:43.450 [info] > git config --get commit.template [5ms]
2025-05-16 17:21:43.451 [info] > git for-each-ref --format=%(refname)%00%(upstream:short)%00%(objectname)%00%(upstream:track)%00%(upstream:remotename)%00%(upstream:remoteref) refs/heads/main refs/remotes/main [1ms]
2025-05-16 17:21:43.461 [info] > git for-each-ref --sort -committerdate --format %(refname)%00%(objectname)%00%(*objectname) [2ms]
2025-05-16 17:21:43.475 [info] > git status -z -uall [20ms]
2025-05-16 17:21:47.889 [info] > git config --get commit.template [5ms]
2025-05-16 17:21:47.890 [info] > git for-each-ref --format=%(refname)%00%(upstream:short)%00%(objectname)%00%(upstream:track)%00%(upstream:remotename)%00%(upstream:remoteref) refs/heads/main refs/remotes/main [2ms]
2025-05-16 17:21:47.902 [info] > git for-each-ref --sort -committerdate --format %(refname)%00%(objectname)%00%(*objectname) [2ms]
2025-05-16 17:21:47.918 [info] > git status -z -uall [23ms]
2025-05-16 17:21:53.007 [info] > git config --get commit.template [5ms]
2025-05-16 17:21:53.008 [info] > git for-each-ref --format=%(refname)%00%(upstream:short)%00%(objectname)%00%(upstream:track)%00%(upstream:remotename)%00%(upstream:remoteref) refs/heads/main refs/remotes/main [2ms]
2025-05-16 17:21:53.019 [info] > git for-each-ref --sort -committerdate --format %(refname)%00%(objectname)%00%(*objectname) [2ms]
2025-05-16 17:21:53.033 [info] > git status -z -uall [21ms]
2025-05-16 17:21:58.111 [info] > git config --get commit.template [4ms]
2025-05-16 17:21:58.112 [info] > git for-each-ref --format=%(refname)%00%(upstream:short)%00%(objectname)%00%(upstream:track)%00%(upstream:remotename)%00%(upstream:remoteref) refs/heads/main refs/remotes/main [1ms]
2025-05-16 17:21:58.122 [info] > git for-each-ref --sort -committerdate --format %(refname)%00%(objectname)%00%(*objectname) [2ms]
2025-05-16 17:21:58.135 [info] > git status -z -uall [19ms]
2025-05-16 17:22:03.210 [info] > git config --get commit.template [6ms]
2025-05-16 17:22:03.210 [info] > git for-each-ref --format=%(refname)%00%(upstream:short)%00%(objectname)%00%(upstream:track)%00%(upstream:remotename)%00%(upstream:remoteref) refs/heads/main refs/remotes/main [1ms]
2025-05-16 17:22:03.220 [info] > git for-each-ref --sort -committerdate --format %(refname)%00%(objectname)%00%(*objectname) [2ms]
2025-05-16 17:22:03.233 [info] > git status -z -uall [19ms]
2025-05-16 17:22:08.315 [info] > git config --get commit.template [5ms]
2025-05-16 17:22:08.316 [info] > git for-each-ref --format=%(refname)%00%(upstream:short)%00%(objectname)%00%(upstream:track)%00%(upstream:remotename)%00%(upstream:remoteref) refs/heads/main refs/remotes/main [1ms]
2025-05-16 17:22:08.325 [info] > git for-each-ref --sort -committerdate --format %(refname)%00%(objectname)%00%(*objectname) [1ms]
2025-05-16 17:22:08.339 [info] > git status -z -uall [19ms]
2025-05-16 17:22:13.441 [info] > git config --get commit.template [17ms]
2025-05-16 17:22:13.443 [info] > git for-each-ref --format=%(refname)%00%(upstream:short)%00%(objectname)%00%(upstream:track)%00%(upstream:remotename)%00%(upstream:remoteref) refs/heads/main refs/remotes/main [4ms]
2025-05-16 17:22:13.465 [info] > git for-each-ref --sort -committerdate --format %(refname)%00%(objectname)%00%(*objectname) [1ms]
2025-05-16 17:22:13.480 [info] > git status -z -uall [23ms]
2025-05-16 17:22:17.875 [info] > git config --get commit.template [5ms]
2025-05-16 17:22:17.875 [info] > git for-each-ref --format=%(refname)%00%(upstream:short)%00%(objectname)%00%(upstream:track)%00%(upstream:remotename)%00%(upstream:remoteref) refs/heads/main refs/remotes/main [1ms]
2025-05-16 17:22:17.888 [info] > git for-each-ref --sort -committerdate --format %(refname)%00%(objectname)%00%(*objectname) [2ms]
2025-05-16 17:22:17.903 [info] > git status -z -uall [22ms]
2025-05-16 17:22:22.996 [info] > git config --get commit.template [6ms]
2025-05-16 17:22:22.997 [info] > git for-each-ref --format=%(refname)%00%(upstream:short)%00%(objectname)%00%(upstream:track)%00%(upstream:remotename)%00%(upstream:remoteref) refs/heads/main refs/remotes/main [2ms]
2025-05-16 17:22:23.006 [info] > git for-each-ref --sort -committerdate --format %(refname)%00%(objectname)%00%(*objectname) [2ms]
2025-05-16 17:22:23.020 [info] > git status -z -uall [19ms]
2025-05-16 17:22:28.111 [info] > git config --get commit.template [7ms]
2025-05-16 17:22:28.111 [info] > git for-each-ref --format=%(refname)%00%(upstream:short)%00%(objectname)%00%(upstream:track)%00%(upstream:remotename)%00%(upstream:remoteref) refs/heads/main refs/remotes/main [1ms]
2025-05-16 17:22:28.122 [info] > git for-each-ref --sort -committerdate --format %(refname)%00%(objectname)%00%(*objectname) [1ms]
2025-05-16 17:22:28.138 [info] > git status -z -uall [22ms]
2025-05-16 17:22:33.223 [info] > git config --get commit.template [6ms]
2025-05-16 17:22:33.224 [info] > git for-each-ref --format=%(refname)%00%(upstream:short)%00%(objectname)%00%(upstream:track)%00%(upstream:remotename)%00%(upstream:remoteref) refs/heads/main refs/remotes/main [2ms]
2025-05-16 17:22:33.234 [info] > git for-each-ref --sort -committerdate --format %(refname)%00%(objectname)%00%(*objectname) [1ms]
2025-05-16 17:22:33.248 [info] > git status -z -uall [20ms]
2025-05-16 17:22:38.336 [info] > git config --get commit.template [4ms]
2025-05-16 17:22:38.337 [info] > git for-each-ref --format=%(refname)%00%(upstream:short)%00%(objectname)%00%(upstream:track)%00%(upstream:remotename)%00%(upstream:remoteref) refs/heads/main refs/remotes/main [1ms]
2025-05-16 17:22:38.346 [info] > git for-each-ref --sort -committerdate --format %(refname)%00%(objectname)%00%(*objectname) [1ms]
2025-05-16 17:22:38.360 [info] > git status -z -uall [19ms]
2025-05-16 17:22:43.436 [info] > git config --get commit.template [5ms]
2025-05-16 17:22:43.436 [info] > git for-each-ref --format=%(refname)%00%(upstream:short)%00%(objectname)%00%(upstream:track)%00%(upstream:remotename)%00%(upstream:remoteref) refs/heads/main refs/remotes/main [1ms]
2025-05-16 17:22:43.445 [info] > git for-each-ref --sort -committerdate --format %(refname)%00%(objectname)%00%(*objectname) [1ms]
2025-05-16 17:22:43.459 [info] > git status -z -uall [19ms]
2025-05-16 17:22:48.537 [info] > git config --get commit.template [6ms]
2025-05-16 17:22:48.538 [info] > git for-each-ref --format=%(refname)%00%(upstream:short)%00%(objectname)%00%(upstream:track)%00%(upstream:remotename)%00%(upstream:remoteref) refs/heads/main refs/remotes/main [2ms]
2025-05-16 17:22:48.548 [info] > git for-each-ref --sort -committerdate --format %(refname)%00%(objectname)%00%(*objectname) [1ms]
2025-05-16 17:22:48.562 [info] > git status -z -uall [20ms]
2025-05-16 17:22:52.939 [info] > git config --get commit.template [4ms]
2025-05-16 17:22:52.940 [info] > git for-each-ref --format=%(refname)%00%(upstream:short)%00%(objectname)%00%(upstream:track)%00%(upstream:remotename)%00%(upstream:remoteref) refs/heads/main refs/remotes/main [1ms]
2025-05-16 17:22:52.950 [info] > git for-each-ref --sort -committerdate --format %(refname)%00%(objectname)%00%(*objectname) [1ms]
2025-05-16 17:22:52.963 [info] > git status -z -uall [19ms]
2025-05-16 17:22:58.044 [info] > git config --get commit.template [5ms]
2025-05-16 17:22:58.045 [info] > git for-each-ref --format=%(refname)%00%(upstream:short)%00%(objectname)%00%(upstream:track)%00%(upstream:remotename)%00%(upstream:remoteref) refs/heads/main refs/remotes/main [2ms]
2025-05-16 17:22:58.055 [info] > git for-each-ref --sort -committerdate --format %(refname)%00%(objectname)%00%(*objectname) [2ms]
2025-05-16 17:22:58.068 [info] > git status -z -uall [19ms]
2025-05-16 17:23:03.149 [info] > git config --get commit.template [5ms]
2025-05-16 17:23:03.150 [info] > git for-each-ref --format=%(refname)%00%(upstream:short)%00%(objectname)%00%(upstream:track)%00%(upstream:remotename)%00%(upstream:remoteref) refs/heads/main refs/remotes/main [1ms]
2025-05-16 17:23:03.160 [info] > git for-each-ref --sort -committerdate --format %(refname)%00%(objectname)%00%(*objectname) [2ms]
2025-05-16 17:23:03.174 [info] > git status -z -uall [20ms]
2025-05-16 17:23:08.280 [info] > git config --get commit.template [14ms]
2025-05-16 17:23:08.282 [info] > git for-each-ref --format=%(refname)%00%(upstream:short)%00%(objectname)%00%(upstream:track)%00%(upstream:remotename)%00%(upstream:remoteref) refs/heads/main refs/remotes/main [3ms]
2025-05-16 17:23:08.305 [info] > git for-each-ref --sort -committerdate --format %(refname)%00%(objectname)%00%(*objectname) [3ms]
2025-05-16 17:23:08.321 [info] > git status -z -uall [29ms]
2025-05-16 17:23:13.406 [info] > git config --get commit.template [5ms]
2025-05-16 17:23:13.407 [info] > git for-each-ref --format=%(refname)%00%(upstream:short)%00%(objectname)%00%(upstream:track)%00%(upstream:remotename)%00%(upstream:remoteref) refs/heads/main refs/remotes/main [1ms]
2025-05-16 17:23:13.417 [info] > git for-each-ref --sort -committerdate --format %(refname)%00%(objectname)%00%(*objectname) [2ms]
2025-05-16 17:23:13.434 [info] > git status -z -uall [23ms]
2025-05-16 17:23:18.530 [info] > git config --get commit.template [5ms]
2025-05-16 17:23:18.530 [info] > git for-each-ref --format=%(refname)%00%(upstream:short)%00%(objectname)%00%(upstream:track)%00%(upstream:remotename)%00%(upstream:remoteref) refs/heads/main refs/remotes/main [1ms]
2025-05-16 17:23:18.540 [info] > git for-each-ref --sort -committerdate --format %(refname)%00%(objectname)%00%(*objectname) [1ms]
2025-05-16 17:23:18.554 [info] > git status -z -uall [19ms]
2025-05-16 17:23:22.980 [info] > git config --get commit.template [1ms]
2025-05-16 17:23:22.988 [info] > git for-each-ref --format=%(refname)%00%(upstream:short)%00%(objectname)%00%(upstream:track)%00%(upstream:remotename)%00%(upstream:remoteref) refs/heads/main refs/remotes/main [2ms]
2025-05-16 17:23:23.000 [info] > git for-each-ref --sort -committerdate --format %(refname)%00%(objectname)%00%(*objectname) [2ms]
2025-05-16 17:23:23.015 [info] > git status -z -uall [22ms]
2025-05-16 17:23:28.099 [info] > git config --get commit.template [5ms]
2025-05-16 17:23:28.099 [info] > git for-each-ref --format=%(refname)%00%(upstream:short)%00%(objectname)%00%(upstream:track)%00%(upstream:remotename)%00%(upstream:remoteref) refs/heads/main refs/remotes/main [1ms]
2025-05-16 17:23:28.109 [info] > git for-each-ref --sort -committerdate --format %(refname)%00%(objectname)%00%(*objectname) [1ms]
2025-05-16 17:23:28.122 [info] > git status -z -uall [19ms]
2025-05-16 17:23:33.209 [info] > git config --get commit.template [5ms]
2025-05-16 17:23:33.210 [info] > git for-each-ref --format=%(refname)%00%(upstream:short)%00%(objectname)%00%(upstream:track)%00%(upstream:remotename)%00%(upstream:remoteref) refs/heads/main refs/remotes/main [1ms]
2025-05-16 17:23:33.222 [info] > git for-each-ref --sort -committerdate --format %(refname)%00%(objectname)%00%(*objectname) [1ms]
2025-05-16 17:23:33.234 [info] > git status -z -uall [20ms]
2025-05-16 17:23:38.327 [info] > git config --get commit.template [7ms]
2025-05-16 17:23:38.328 [info] > git for-each-ref --format=%(refname)%00%(upstream:short)%00%(objectname)%00%(upstream:track)%00%(upstream:remotename)%00%(upstream:remoteref) refs/heads/main refs/remotes/main [2ms]
2025-05-16 17:23:38.339 [info] > git for-each-ref --sort -committerdate --format %(refname)%00%(objectname)%00%(*objectname) [1ms]
2025-05-16 17:23:38.352 [info] > git status -z -uall [20ms]
2025-05-16 17:23:43.438 [info] > git config --get commit.template [7ms]
2025-05-16 17:23:43.439 [info] > git for-each-ref --format=%(refname)%00%(upstream:short)%00%(objectname)%00%(upstream:track)%00%(upstream:remotename)%00%(upstream:remoteref) refs/heads/main refs/remotes/main [1ms]
2025-05-16 17:23:43.451 [info] > git for-each-ref --sort -committerdate --format %(refname)%00%(objectname)%00%(*objectname) [2ms]
2025-05-16 17:23:43.465 [info] > git status -z -uall [21ms]
2025-05-16 17:23:50.081 [info] > git config --get commit.template [6ms]
2025-05-16 17:23:50.082 [info] > git for-each-ref --format=%(refname)%00%(upstream:short)%00%(objectname)%00%(upstream:track)%00%(upstream:remotename)%00%(upstream:remoteref) refs/heads/main refs/remotes/main [2ms]
2025-05-16 17:23:50.097 [info] > git for-each-ref --sort -committerdate --format %(refname)%00%(objectname)%00%(*objectname) [3ms]
2025-05-16 17:23:50.112 [info] > git status -z -uall [24ms]
2025-05-16 17:23:54.549 [info] > git config --get commit.template [10ms]
2025-05-16 17:23:54.551 [info] > git for-each-ref --format=%(refname)%00%(upstream:short)%00%(objectname)%00%(upstream:track)%00%(upstream:remotename)%00%(upstream:remoteref) refs/heads/main refs/remotes/main [3ms]
2025-05-16 17:23:54.564 [info] > git for-each-ref --sort -committerdate --format %(refname)%00%(objectname)%00%(*objectname) [2ms]
2025-05-16 17:23:54.577 [info] > git status -z -uall [20ms]
2025-05-16 17:23:59.659 [info] > git config --get commit.template [5ms]
2025-05-16 17:23:59.659 [info] > git for-each-ref --format=%(refname)%00%(upstream:short)%00%(objectname)%00%(upstream:track)%00%(upstream:remotename)%00%(upstream:remoteref) refs/heads/main refs/remotes/main [1ms]
2025-05-16 17:23:59.675 [info] > git for-each-ref --sort -committerdate --format %(refname)%00%(objectname)%00%(*objectname) [2ms]
2025-05-16 17:23:59.688 [info] > git status -z -uall [20ms]
2025-05-16 17:24:04.766 [info] > git config --get commit.template [5ms]
2025-05-16 17:24:04.766 [info] > git for-each-ref --format=%(refname)%00%(upstream:short)%00%(objectname)%00%(upstream:track)%00%(upstream:remotename)%00%(upstream:remoteref) refs/heads/main refs/remotes/main [1ms]
2025-05-16 17:24:04.777 [info] > git for-each-ref --sort -committerdate --format %(refname)%00%(objectname)%00%(*objectname) [1ms]
2025-05-16 17:24:04.793 [info] > git status -z -uall [22ms]
2025-05-16 17:24:09.874 [info] > git config --get commit.template [6ms]
2025-05-16 17:24:09.874 [info] > git for-each-ref --format=%(refname)%00%(upstream:short)%00%(objectname)%00%(upstream:track)%00%(upstream:remotename)%00%(upstream:remoteref) refs/heads/main refs/remotes/main [1ms]
2025-05-16 17:24:09.886 [info] > git for-each-ref --sort -committerdate --format %(refname)%00%(objectname)%00%(*objectname) [1ms]
2025-05-16 17:24:09.900 [info] > git status -z -uall [20ms]
2025-05-16 17:24:14.994 [info] > git config --get commit.template [8ms]
2025-05-16 17:24:14.995 [info] > git for-each-ref --format=%(refname)%00%(upstream:short)%00%(objectname)%00%(upstream:track)%00%(upstream:remotename)%00%(upstream:remoteref) refs/heads/main refs/remotes/main [1ms]
2025-05-16 17:24:15.008 [info] > git for-each-ref --sort -committerdate --format %(refname)%00%(objectname)%00%(*objectname) [1ms]
2025-05-16 17:24:15.023 [info] > git status -z -uall [21ms]
2025-05-16 17:24:20.104 [info] > git config --get commit.template [5ms]
2025-05-16 17:24:20.105 [info] > git for-each-ref --format=%(refname)%00%(upstream:short)%00%(objectname)%00%(upstream:track)%00%(upstream:remotename)%00%(upstream:remoteref) refs/heads/main refs/remotes/main [1ms]
2025-05-16 17:24:20.116 [info] > git for-each-ref --sort -committerdate --format %(refname)%00%(objectname)%00%(*objectname) [2ms]
2025-05-16 17:24:20.130 [info] > git status -z -uall [20ms]
2025-05-16 17:24:24.569 [info] > git config --get commit.template [6ms]
2025-05-16 17:24:24.570 [info] > git for-each-ref --format=%(refname)%00%(upstream:short)%00%(objectname)%00%(upstream:track)%00%(upstream:remotename)%00%(upstream:remoteref) refs/heads/main refs/remotes/main [1ms]
2025-05-16 17:24:24.582 [info] > git for-each-ref --sort -committerdate --format %(refname)%00%(objectname)%00%(*objectname) [2ms]
2025-05-16 17:24:24.599 [info] > git status -z -uall [23ms]
2025-05-16 17:24:29.683 [info] > git config --get commit.template [5ms]
2025-05-16 17:24:29.684 [info] > git for-each-ref --format=%(refname)%00%(upstream:short)%00%(objectname)%00%(upstream:track)%00%(upstream:remotename)%00%(upstream:remoteref) refs/heads/main refs/remotes/main [1ms]
2025-05-16 17:24:29.695 [info] > git for-each-ref --sort -committerdate --format %(refname)%00%(objectname)%00%(*objectname) [1ms]
2025-05-16 17:24:29.709 [info] > git status -z -uall [20ms]
2025-05-16 17:24:34.803 [info] > git config --get commit.template [5ms]
2025-05-16 17:24:34.803 [info] > git for-each-ref --format=%(refname)%00%(upstream:short)%00%(objectname)%00%(upstream:track)%00%(upstream:remotename)%00%(upstream:remoteref) refs/heads/main refs/remotes/main [1ms]
2025-05-16 17:24:34.815 [info] > git for-each-ref --sort -committerdate --format %(refname)%00%(objectname)%00%(*objectname) [2ms]
2025-05-16 17:24:34.828 [info] > git status -z -uall [19ms]
2025-05-16 17:24:39.911 [info] > git config --get commit.template [4ms]
2025-05-16 17:24:39.912 [info] > git for-each-ref --format=%(refname)%00%(upstream:short)%00%(objectname)%00%(upstream:track)%00%(upstream:remotename)%00%(upstream:remoteref) refs/heads/main refs/remotes/main [2ms]
2025-05-16 17:24:39.921 [info] > git for-each-ref --sort -committerdate --format %(refname)%00%(objectname)%00%(*objectname) [1ms]
2025-05-16 17:24:39.936 [info] > git status -z -uall [20ms]
2025-05-16 17:24:45.025 [info] > git config --get commit.template [3ms]
2025-05-16 17:24:45.025 [info] > git for-each-ref --format=%(refname)%00%(upstream:short)%00%(objectname)%00%(upstream:track)%00%(upstream:remotename)%00%(upstream:remoteref) refs/heads/main refs/remotes/main [1ms]
2025-05-16 17:24:45.035 [info] > git for-each-ref --sort -committerdate --format %(refname)%00%(objectname)%00%(*objectname) [2ms]
2025-05-16 17:24:45.048 [info] > git status -z -uall [19ms]
2025-05-16 17:24:50.135 [info] > git config --get commit.template [8ms]
2025-05-16 17:24:50.136 [info] > git for-each-ref --format=%(refname)%00%(upstream:short)%00%(objectname)%00%(upstream:track)%00%(upstream:remotename)%00%(upstream:remoteref) refs/heads/main refs/remotes/main [2ms]
2025-05-16 17:24:50.146 [info] > git for-each-ref --sort -committerdate --format %(refname)%00%(objectname)%00%(*objectname) [1ms]
2025-05-16 17:24:50.162 [info] > git status -z -uall [21ms]
2025-05-16 17:24:54.575 [info] > git config --get commit.template [4ms]
2025-05-16 17:24:54.576 [info] > git for-each-ref --format=%(refname)%00%(upstream:short)%00%(objectname)%00%(upstream:track)%00%(upstream:remotename)%00%(upstream:remoteref) refs/heads/main refs/remotes/main [1ms]
2025-05-16 17:24:54.586 [info] > git for-each-ref --sort -committerdate --format %(refname)%00%(objectname)%00%(*objectname) [1ms]
2025-05-16 17:24:54.600 [info] > git status -z -uall [20ms]
2025-05-16 17:24:59.680 [info] > git config --get commit.template [4ms]
2025-05-16 17:24:59.681 [info] > git for-each-ref --format=%(refname)%00%(upstream:short)%00%(objectname)%00%(upstream:track)%00%(upstream:remotename)%00%(upstream:remoteref) refs/heads/main refs/remotes/main [1ms]
2025-05-16 17:24:59.690 [info] > git for-each-ref --sort -committerdate --format %(refname)%00%(objectname)%00%(*objectname) [2ms]
2025-05-16 17:24:59.708 [info] > git status -z -uall [23ms]
2025-05-16 17:25:04.793 [info] > git config --get commit.template [5ms]
2025-05-16 17:25:04.794 [info] > git for-each-ref --format=%(refname)%00%(upstream:short)%00%(objectname)%00%(upstream:track)%00%(upstream:remotename)%00%(upstream:remoteref) refs/heads/main refs/remotes/main [1ms]
2025-05-16 17:25:04.805 [info] > git for-each-ref --sort -committerdate --format %(refname)%00%(objectname)%00%(*objectname) [2ms]
2025-05-16 17:25:04.818 [info] > git status -z -uall [19ms]
2025-05-16 17:25:09.895 [info] > git config --get commit.template [1ms]
2025-05-16 17:25:09.899 [info] > git for-each-ref --format=%(refname)%00%(upstream:short)%00%(objectname)%00%(upstream:track)%00%(upstream:remotename)%00%(upstream:remoteref) refs/heads/main refs/remotes/main [1ms]
2025-05-16 17:25:09.908 [info] > git for-each-ref --sort -committerdate --format %(refname)%00%(objectname)%00%(*objectname) [1ms]
2025-05-16 17:25:09.922 [info] > git status -z -uall [19ms]
2025-05-16 17:25:15.008 [info] > git config --get commit.template [3ms]
2025-05-16 17:25:15.008 [info] > git for-each-ref --format=%(refname)%00%(upstream:short)%00%(objectname)%00%(upstream:track)%00%(upstream:remotename)%00%(upstream:remoteref) refs/heads/main refs/remotes/main [1ms]
2025-05-16 17:25:15.017 [info] > git for-each-ref --sort -committerdate --format %(refname)%00%(objectname)%00%(*objectname) [1ms]
2025-05-16 17:25:15.031 [info] > git status -z -uall [19ms]
2025-05-16 17:25:20.135 [info] > git config --get commit.template [13ms]
2025-05-16 17:25:20.137 [info] > git for-each-ref --format=%(refname)%00%(upstream:short)%00%(objectname)%00%(upstream:track)%00%(upstream:remotename)%00%(upstream:remoteref) refs/heads/main refs/remotes/main [3ms]
2025-05-16 17:25:20.155 [info] > git for-each-ref --sort -committerdate --format %(refname)%00%(objectname)%00%(*objectname) [7ms]
2025-05-16 17:25:20.169 [info] > git status -z -uall [25ms]
2025-05-16 17:25:25.250 [info] > git config --get commit.template [5ms]
2025-05-16 17:25:25.251 [info] > git for-each-ref --format=%(refname)%00%(upstream:short)%00%(objectname)%00%(upstream:track)%00%(upstream:remotename)%00%(upstream:remoteref) refs/heads/main refs/remotes/main [1ms]
2025-05-16 17:25:25.262 [info] > git for-each-ref --sort -committerdate --format %(refname)%00%(objectname)%00%(*objectname) [2ms]
2025-05-16 17:25:25.277 [info] > git status -z -uall [21ms]
2025-05-16 17:25:30.207 [info] > git config --get commit.template [5ms]
2025-05-16 17:25:30.208 [info] > git for-each-ref --format=%(refname)%00%(upstream:short)%00%(objectname)%00%(upstream:track)%00%(upstream:remotename)%00%(upstream:remoteref) refs/heads/main refs/remotes/main [2ms]
2025-05-16 17:25:30.218 [info] > git for-each-ref --sort -committerdate --format %(refname)%00%(objectname)%00%(*objectname) [2ms]
2025-05-16 17:25:30.234 [info] > git status -z -uall [22ms]
2025-05-16 17:25:35.318 [info] > git config --get commit.template [5ms]
2025-05-16 17:25:35.318 [info] > git for-each-ref --format=%(refname)%00%(upstream:short)%00%(objectname)%00%(upstream:track)%00%(upstream:remotename)%00%(upstream:remoteref) refs/heads/main refs/remotes/main [1ms]
2025-05-16 17:25:35.328 [info] > git for-each-ref --sort -committerdate --format %(refname)%00%(objectname)%00%(*objectname) [1ms]
2025-05-16 17:25:35.346 [info] > git status -z -uall [23ms]
2025-05-16 17:25:40.428 [info] > git config --get commit.template [4ms]
2025-05-16 17:25:40.429 [info] > git for-each-ref --format=%(refname)%00%(upstream:short)%00%(objectname)%00%(upstream:track)%00%(upstream:remotename)%00%(upstream:remoteref) refs/heads/main refs/remotes/main [1ms]
2025-05-16 17:25:40.441 [info] > git for-each-ref --sort -committerdate --format %(refname)%00%(objectname)%00%(*objectname) [2ms]
2025-05-16 17:25:40.455 [info] > git status -z -uall [20ms]
2025-05-16 17:25:45.530 [info] > git config --get commit.template [1ms]
2025-05-16 17:25:45.535 [info] > git for-each-ref --format=%(refname)%00%(upstream:short)%00%(objectname)%00%(upstream:track)%00%(upstream:remotename)%00%(upstream:remoteref) refs/heads/main refs/remotes/main [1ms]
2025-05-16 17:25:45.544 [info] > git for-each-ref --sort -committerdate --format %(refname)%00%(objectname)%00%(*objectname) [2ms]
2025-05-16 17:25:45.558 [info] > git status -z -uall [19ms]
2025-05-16 17:25:50.645 [info] > git config --get commit.template [6ms]
2025-05-16 17:25:50.646 [info] > git for-each-ref --format=%(refname)%00%(upstream:short)%00%(objectname)%00%(upstream:track)%00%(upstream:remotename)%00%(upstream:remoteref) refs/heads/main refs/remotes/main [1ms]
2025-05-16 17:25:50.657 [info] > git for-each-ref --sort -committerdate --format %(refname)%00%(objectname)%00%(*objectname) [2ms]
2025-05-16 17:25:50.670 [info] > git status -z -uall [19ms]
2025-05-16 17:25:55.744 [info] > git config --get commit.template [4ms]
2025-05-16 17:25:55.745 [info] > git for-each-ref --format=%(refname)%00%(upstream:short)%00%(objectname)%00%(upstream:track)%00%(upstream:remotename)%00%(upstream:remoteref) refs/heads/main refs/remotes/main [1ms]
2025-05-16 17:25:55.755 [info] > git for-each-ref --sort -committerdate --format %(refname)%00%(objectname)%00%(*objectname) [1ms]
2025-05-16 17:25:55.769 [info] > git status -z -uall [20ms]
2025-05-16 17:26:01.710 [info] > git config --get commit.template [1ms]
2025-05-16 17:26:01.718 [info] > git for-each-ref --format=%(refname)%00%(upstream:short)%00%(objectname)%00%(upstream:track)%00%(upstream:remotename)%00%(upstream:remoteref) refs/heads/main refs/remotes/main [2ms]
2025-05-16 17:26:01.733 [info] > git for-each-ref --sort -committerdate --format %(refname)%00%(objectname)%00%(*objectname) [2ms]
2025-05-16 17:26:01.757 [info] > git status -z -uall [31ms]
2025-05-16 17:26:06.863 [info] > git config --get commit.template [7ms]
2025-05-16 17:26:06.864 [info] > git for-each-ref --format=%(refname)%00%(upstream:short)%00%(objectname)%00%(upstream:track)%00%(upstream:remotename)%00%(upstream:remoteref) refs/heads/main refs/remotes/main [2ms]
2025-05-16 17:26:06.878 [info] > git for-each-ref --sort -committerdate --format %(refname)%00%(objectname)%00%(*objectname) [1ms]
2025-05-16 17:26:06.891 [info] > git status -z -uall [21ms]
2025-05-16 17:26:11.981 [info] > git config --get commit.template [5ms]
2025-05-16 17:26:11.982 [info] > git for-each-ref --format=%(refname)%00%(upstream:short)%00%(objectname)%00%(upstream:track)%00%(upstream:remotename)%00%(upstream:remoteref) refs/heads/main refs/remotes/main [2ms]
2025-05-16 17:26:11.992 [info] > git for-each-ref --sort -committerdate --format %(refname)%00%(objectname)%00%(*objectname) [1ms]
2025-05-16 17:26:12.007 [info] > git status -z -uall [21ms]
2025-05-16 17:26:17.086 [info] > git config --get commit.template [5ms]
2025-05-16 17:26:17.087 [info] > git for-each-ref --format=%(refname)%00%(upstream:short)%00%(objectname)%00%(upstream:track)%00%(upstream:remotename)%00%(upstream:remoteref) refs/heads/main refs/remotes/main [2ms]
2025-05-16 17:26:17.096 [info] > git for-each-ref --sort -committerdate --format %(refname)%00%(objectname)%00%(*objectname) [2ms]
2025-05-16 17:26:17.112 [info] > git status -z -uall [21ms]
2025-05-16 17:26:22.198 [info] > git config --get commit.template [8ms]
2025-05-16 17:26:22.200 [info] > git for-each-ref --format=%(refname)%00%(upstream:short)%00%(objectname)%00%(upstream:track)%00%(upstream:remotename)%00%(upstream:remoteref) refs/heads/main refs/remotes/main [3ms]
2025-05-16 17:26:22.217 [info] > git for-each-ref --sort -committerdate --format %(refname)%00%(objectname)%00%(*objectname) [3ms]
2025-05-16 17:26:22.238 [info] > git status -z -uall [30ms]
2025-05-16 17:26:27.338 [info] > git config --get commit.template [10ms]
2025-05-16 17:26:27.339 [info] > git for-each-ref --format=%(refname)%00%(upstream:short)%00%(objectname)%00%(upstream:track)%00%(upstream:remotename)%00%(upstream:remoteref) refs/heads/main refs/remotes/main [2ms]
2025-05-16 17:26:27.350 [info] > git for-each-ref --sort -committerdate --format %(refname)%00%(objectname)%00%(*objectname) [1ms]
2025-05-16 17:26:27.364 [info] > git status -z -uall [20ms]
2025-05-16 17:26:31.606 [info] > git config --get commit.template [5ms]
2025-05-16 17:26:31.607 [info] > git for-each-ref --format=%(refname)%00%(upstream:short)%00%(objectname)%00%(upstream:track)%00%(upstream:remotename)%00%(upstream:remoteref) refs/heads/main refs/remotes/main [1ms]
2025-05-16 17:26:31.618 [info] > git for-each-ref --sort -committerdate --format %(refname)%00%(objectname)%00%(*objectname) [2ms]
2025-05-16 17:26:31.634 [info] > git status -z -uall [22ms]
2025-05-16 17:26:36.744 [info] > git config --get commit.template [12ms]
2025-05-16 17:26:36.745 [info] > git for-each-ref --format=%(refname)%00%(upstream:short)%00%(objectname)%00%(upstream:track)%00%(upstream:remotename)%00%(upstream:remoteref) refs/heads/main refs/remotes/main [2ms]
2025-05-16 17:26:36.758 [info] > git for-each-ref --sort -committerdate --format %(refname)%00%(objectname)%00%(*objectname) [2ms]
2025-05-16 17:26:36.772 [info] > git status -z -uall [20ms]
2025-05-16 17:26:41.861 [info] > git config --get commit.template [5ms]
2025-05-16 17:26:41.862 [info] > git for-each-ref --format=%(refname)%00%(upstream:short)%00%(objectname)%00%(upstream:track)%00%(upstream:remotename)%00%(upstream:remoteref) refs/heads/main refs/remotes/main [1ms]
2025-05-16 17:26:41.872 [info] > git for-each-ref --sort -committerdate --format %(refname)%00%(objectname)%00%(*objectname) [2ms]
2025-05-16 17:26:41.889 [info] > git status -z -uall [23ms]
2025-05-16 17:26:46.969 [info] > git config --get commit.template [4ms]
2025-05-16 17:26:46.970 [info] > git for-each-ref --format=%(refname)%00%(upstream:short)%00%(objectname)%00%(upstream:track)%00%(upstream:remotename)%00%(upstream:remoteref) refs/heads/main refs/remotes/main [1ms]
2025-05-16 17:26:46.979 [info] > git for-each-ref --sort -committerdate --format %(refname)%00%(objectname)%00%(*objectname) [2ms]
2025-05-16 17:26:46.993 [info] > git status -z -uall [19ms]
2025-05-16 17:26:52.073 [info] > git config --get commit.template [5ms]
2025-05-16 17:26:52.073 [info] > git for-each-ref --format=%(refname)%00%(upstream:short)%00%(objectname)%00%(upstream:track)%00%(upstream:remotename)%00%(upstream:remoteref) refs/heads/main refs/remotes/main [1ms]
2025-05-16 17:26:52.084 [info] > git for-each-ref --sort -committerdate --format %(refname)%00%(objectname)%00%(*objectname) [2ms]
2025-05-16 17:26:52.098 [info] > git status -z -uall [20ms]
2025-05-16 17:26:57.182 [info] > git config --get commit.template [4ms]
2025-05-16 17:26:57.183 [info] > git for-each-ref --format=%(refname)%00%(upstream:short)%00%(objectname)%00%(upstream:track)%00%(upstream:remotename)%00%(upstream:remoteref) refs/heads/main refs/remotes/main [2ms]
2025-05-16 17:26:57.192 [info] > git for-each-ref --sort -committerdate --format %(refname)%00%(objectname)%00%(*objectname) [2ms]
2025-05-16 17:26:57.207 [info] > git status -z -uall [20ms]
2025-05-16 17:27:18.437 [info] > git config --get commit.template [6ms]
2025-05-16 17:27:18.438 [info] > git for-each-ref --format=%(refname)%00%(upstream:short)%00%(objectname)%00%(upstream:track)%00%(upstream:remotename)%00%(upstream:remoteref) refs/heads/main refs/remotes/main [2ms]
2025-05-16 17:27:18.454 [info] > git for-each-ref --sort -committerdate --format %(refname)%00%(objectname)%00%(*objectname) [3ms]
2025-05-16 17:27:18.474 [info] > git status -z -uall [29ms]
2025-05-16 17:27:23.590 [info] > git config --get commit.template [4ms]
2025-05-16 17:27:23.590 [info] > git for-each-ref --format=%(refname)%00%(upstream:short)%00%(objectname)%00%(upstream:track)%00%(upstream:remotename)%00%(upstream:remoteref) refs/heads/main refs/remotes/main [1ms]
2025-05-16 17:27:23.603 [info] > git for-each-ref --sort -committerdate --format %(refname)%00%(objectname)%00%(*objectname) [5ms]
2025-05-16 17:27:23.617 [info] > git status -z -uall [23ms]
2025-05-16 17:27:28.777 [info] > git config --get commit.template [5ms]
2025-05-16 17:27:28.777 [info] > git for-each-ref --format=%(refname)%00%(upstream:short)%00%(objectname)%00%(upstream:track)%00%(upstream:remotename)%00%(upstream:remoteref) refs/heads/main refs/remotes/main [1ms]
2025-05-16 17:27:28.788 [info] > git for-each-ref --sort -committerdate --format %(refname)%00%(objectname)%00%(*objectname) [3ms]
2025-05-16 17:27:28.803 [info] > git status -z -uall [22ms]
2025-05-16 17:27:33.191 [info] > git config --get commit.template [6ms]
2025-05-16 17:27:33.192 [info] > git for-each-ref --format=%(refname)%00%(upstream:short)%00%(objectname)%00%(upstream:track)%00%(upstream:remotename)%00%(upstream:remoteref) refs/heads/main refs/remotes/main [2ms]
2025-05-16 17:27:33.202 [info] > git for-each-ref --sort -committerdate --format %(refname)%00%(objectname)%00%(*objectname) [2ms]
2025-05-16 17:27:33.215 [info] > git status -z -uall [19ms]
2025-05-16 17:27:38.319 [info] > git config --get commit.template [15ms]
2025-05-16 17:27:38.322 [info] > git for-each-ref --format=%(refname)%00%(upstream:short)%00%(objectname)%00%(upstream:track)%00%(upstream:remotename)%00%(upstream:remoteref) refs/heads/main refs/remotes/main [4ms]
2025-05-16 17:27:38.347 [info] > git for-each-ref --sort -committerdate --format %(refname)%00%(objectname)%00%(*objectname) [3ms]
2025-05-16 17:27:38.364 [info] > git status -z -uall [28ms]
2025-05-16 17:27:43.867 [info] > git config --get commit.template [1ms]
2025-05-16 17:27:43.877 [info] > git for-each-ref --format=%(refname)%00%(upstream:short)%00%(objectname)%00%(upstream:track)%00%(upstream:remotename)%00%(upstream:remoteref) refs/heads/main refs/remotes/main [2ms]
2025-05-16 17:27:43.895 [info] > git for-each-ref --sort -committerdate --format %(refname)%00%(objectname)%00%(*objectname) [3ms]
2025-05-16 17:27:43.911 [info] > git status -z -uall [28ms]
